2026-08-23 10:49:19.002: [INFO] CurrentProfilePath: D:\All Codes\Microservice\.metadata\.plugins\org.eclipse.swt\EBWebView\Default
2026-08-23 10:49:19.002: [INFO] Profiles total count: 1
2026-08-23 10:49:19.002: [INFO] Profile: name=Profile 1 path=D:\All Codes\Microservice\.metadata\.plugins\org.eclipse.swt\EBWebView\Default lastActive=null
2026-08-23 10:49:19.002: [INFO] LastUsedProfileDir: D:\All Codes\Microservice\.metadata\.plugins\org.eclipse.swt\EBWebView\Default
2026-08-23 10:49:19.002: [INFO] OnDoneLoading sync enabled: 0
2026-08-23 10:49:19.002: [INFO] BookmarkModelLoaded, ids_reassigned: 0
2026-08-23 10:49:19.002: [INFO] BookmarksLoadDropped droppedNodes=0
2026-08-23 10:49:19.002: [INFO] BookmarksSnapshot Startup total=0 bar=0 other=0 mobile=0 showBar=0 showBarNTP=1
2026-08-23 10:56:14.814: [INFO] BookmarksSnapshot Shutdown total=0 bar=0 other=0 mobile=0 showBar=0 showBarNTP=1
2026-08-23 11:09:17.090: [INFO] CurrentProfilePath: D:\All Codes\Microservice\.metadata\.plugins\org.eclipse.swt\EBWebView\Default
2026-08-23 11:09:17.090: [INFO] Profiles total count: 1
2026-08-23 11:09:17.090: [INFO] Profile: name=Profile 1 path=D:\All Codes\Microservice\.metadata\.plugins\org.eclipse.swt\EBWebView\Default lastActive=2026-08-23T10:56:05.983Z
2026-08-23 11:09:17.090: [INFO] LastUsedProfileDir: D:\All Codes\Microservice\.metadata\.plugins\org.eclipse.swt\EBWebView\Default
2026-08-23 11:09:17.090: [INFO] MostRecentlyActiveProfile: name=Profile 1 path=D:\All Codes\Microservice\.metadata\.plugins\org.eclipse.swt\EBWebView\Default lastActive=2026-08-23T10:56:05.983Z
2026-08-23 11:09:17.090: [INFO] OnDoneLoading sync enabled: 0
2026-08-23 11:09:17.090: [INFO] BookmarkModelLoaded, ids_reassigned: 0
2026-08-23 11:09:17.090: [INFO] BookmarksLoadDropped droppedNodes=0
2026-08-23 11:09:17.090: [INFO] BookmarksSnapshot Startup total=0 bar=0 other=0 mobile=0 showBar=0 showBarNTP=1
2026-08-23 11:09:17.484: [INFO] BookmarksSnapshot Shutdown total=0 bar=0 other=0 mobile=0 showBar=0 showBarNTP=1
2026-08-23 11:10:01.106: [INFO] CurrentProfilePath: D:\All Codes\Microservice\.metadata\.plugins\org.eclipse.swt\EBWebView\Default
2026-08-23 11:10:01.106: [INFO] Profiles total count: 1
2026-08-23 11:10:01.107: [INFO] Profile: name=Profile 1 path=D:\All Codes\Microservice\.metadata\.plugins\org.eclipse.swt\EBWebView\Default lastActive=2026-08-23T10:56:05.983Z
2026-08-23 11:10:01.107: [INFO] LastUsedProfileDir: D:\All Codes\Microservice\.metadata\.plugins\org.eclipse.swt\EBWebView\Default
2026-08-23 11:10:01.107: [INFO] MostRecentlyActiveProfile: name=Profile 1 path=D:\All Codes\Microservice\.metadata\.plugins\org.eclipse.swt\EBWebView\Default lastActive=2026-08-23T10:56:05.983Z
2026-08-23 11:10:01.107: [INFO] OnDoneLoading sync enabled: 0
2026-08-23 11:10:01.107: [INFO] BookmarkModelLoaded, ids_reassigned: 0
2026-08-23 11:10:01.107: [INFO] BookmarksLoadDropped droppedNodes=0
2026-08-23 11:10:01.107: [INFO] BookmarksSnapshot Startup total=0 bar=0 other=0 mobile=0 showBar=0 showBarNTP=1
2026-08-23 11:10:01.187: [INFO] BookmarksSnapshot Shutdown total=0 bar=0 other=0 mobile=0 showBar=0 showBarNTP=1
2026-08-23 11:10:09.581: [INFO] CurrentProfilePath: D:\All Codes\Microservice\.metadata\.plugins\org.eclipse.swt\EBWebView\Default
2026-08-23 11:10:09.581: [INFO] Profiles total count: 1
2026-08-23 11:10:09.581: [INFO] Profile: name=Profile 1 path=D:\All Codes\Microservice\.metadata\.plugins\org.eclipse.swt\EBWebView\Default lastActive=2026-08-23T10:56:05.983Z
2026-08-23 11:10:09.581: [INFO] LastUsedProfileDir: D:\All Codes\Microservice\.metadata\.plugins\org.eclipse.swt\EBWebView\Default
2026-08-23 11:10:09.581: [INFO] MostRecentlyActiveProfile: name=Profile 1 path=D:\All Codes\Microservice\.metadata\.plugins\org.eclipse.swt\EBWebView\Default lastActive=2026-08-23T10:56:05.983Z
2026-08-23 11:10:09.581: [INFO] OnDoneLoading sync enabled: 0
2026-08-23 11:10:09.581: [INFO] BookmarkModelLoaded, ids_reassigned: 0
2026-08-23 11:10:09.581: [INFO] BookmarksLoadDropped droppedNodes=0
2026-08-23 11:10:09.581: [INFO] BookmarksSnapshot Startup total=0 bar=0 other=0 mobile=0 showBar=0 showBarNTP=1
2026-08-23 11:10:09.658: [INFO] BookmarksSnapshot Shutdown total=0 bar=0 other=0 mobile=0 showBar=0 showBarNTP=1
2026-08-23 11:10:12.890: [INFO] CurrentProfilePath: D:\All Codes\Microservice\.metadata\.plugins\org.eclipse.swt\EBWebView\Default
2026-08-23 11:10:12.890: [INFO] Profiles total count: 1
2026-08-23 11:10:12.890: [INFO] Profile: name=Profile 1 path=D:\All Codes\Microservice\.metadata\.plugins\org.eclipse.swt\EBWebView\Default lastActive=2026-08-23T10:56:05.983Z
2026-08-23 11:10:12.890: [INFO] LastUsedProfileDir: D:\All Codes\Microservice\.metadata\.plugins\org.eclipse.swt\EBWebView\Default
2026-08-23 11:10:12.890: [INFO] MostRecentlyActiveProfile: name=Profile 1 path=D:\All Codes\Microservice\.metadata\.plugins\org.eclipse.swt\EBWebView\Default lastActive=2026-08-23T10:56:05.983Z
2026-08-23 11:10:12.890: [INFO] OnDoneLoading sync enabled: 0
2026-08-23 11:10:12.890: [INFO] BookmarkModelLoaded, ids_reassigned: 0
2026-08-23 11:10:12.890: [INFO] BookmarksLoadDropped droppedNodes=0
2026-08-23 11:10:12.890: [INFO] BookmarksSnapshot Startup total=0 bar=0 other=0 mobile=0 showBar=0 showBarNTP=1
2026-08-23 11:10:16.693: [INFO] BookmarksSnapshot Shutdown total=0 bar=0 other=0 mobile=0 showBar=0 showBarNTP=1
2026-08-23 11:14:29.343: [INFO] CurrentProfilePath: D:\All Codes\Microservice\.metadata\.plugins\org.eclipse.swt\EBWebView\Default
2026-08-23 11:14:29.343: [INFO] Profiles total count: 1
2026-08-23 11:14:29.344: [INFO] Profile: name=Profile 1 path=D:\All Codes\Microservice\.metadata\.plugins\org.eclipse.swt\EBWebView\Default lastActive=2026-08-23T10:56:05.983Z
2026-08-23 11:14:29.344: [INFO] LastUsedProfileDir: D:\All Codes\Microservice\.metadata\.plugins\org.eclipse.swt\EBWebView\Default
2026-08-23 11:14:29.344: [INFO] MostRecentlyActiveProfile: name=Profile 1 path=D:\All Codes\Microservice\.metadata\.plugins\org.eclipse.swt\EBWebView\Default lastActive=2026-08-23T10:56:05.983Z
2026-08-23 11:14:29.344: [INFO] OnDoneLoading sync enabled: 0
2026-08-23 11:14:29.344: [INFO] BookmarkModelLoaded, ids_reassigned: 0
2026-08-23 11:14:29.344: [INFO] BookmarksLoadDropped droppedNodes=0
2026-08-23 11:14:29.344: [INFO] BookmarksSnapshot Startup total=0 bar=0 other=0 mobile=0 showBar=0 showBarNTP=1
2026-08-23 11:14:31.809: [INFO] BookmarksSnapshot Shutdown total=0 bar=0 other=0 mobile=0 showBar=0 showBarNTP=1
2026-08-23 11:15:09.700: [INFO] CurrentProfilePath: D:\All Codes\Microservice\.metadata\.plugins\org.eclipse.swt\EBWebView\Default
2026-08-23 11:15:09.700: [INFO] Profiles total count: 1
2026-08-23 11:15:09.700: [INFO] Profile: name=Profile 1 path=D:\All Codes\Microservice\.metadata\.plugins\org.eclipse.swt\EBWebView\Default lastActive=2026-08-23T10:56:05.983Z
2026-08-23 11:15:09.700: [INFO] LastUsedProfileDir: D:\All Codes\Microservice\.metadata\.plugins\org.eclipse.swt\EBWebView\Default
2026-08-23 11:15:09.700: [INFO] MostRecentlyActiveProfile: name=Profile 1 path=D:\All Codes\Microservice\.metadata\.plugins\org.eclipse.swt\EBWebView\Default lastActive=2026-08-23T10:56:05.983Z
2026-08-23 11:15:09.700: [INFO] OnDoneLoading sync enabled: 0
2026-08-23 11:15:09.700: [INFO] BookmarkModelLoaded, ids_reassigned: 0
2026-08-23 11:15:09.700: [INFO] BookmarksLoadDropped droppedNodes=0
2026-08-23 11:15:09.700: [INFO] BookmarksSnapshot Startup total=0 bar=0 other=0 mobile=0 showBar=0 showBarNTP=1
2026-08-23 11:15:15.830: [INFO] BookmarksSnapshot Shutdown total=0 bar=0 other=0 mobile=0 showBar=0 showBarNTP=1
2026-08-23 11:15:57.029: [INFO] CurrentProfilePath: D:\All Codes\Microservice\.metadata\.plugins\org.eclipse.swt\EBWebView\Default
2026-08-23 11:15:57.029: [INFO] Profiles total count: 1
2026-08-23 11:15:57.030: [INFO] Profile: name=Profile 1 path=D:\All Codes\Microservice\.metadata\.plugins\org.eclipse.swt\EBWebView\Default lastActive=2026-08-23T10:56:05.983Z
2026-08-23 11:15:57.030: [INFO] LastUsedProfileDir: D:\All Codes\Microservice\.metadata\.plugins\org.eclipse.swt\EBWebView\Default
2026-08-23 11:15:57.030: [INFO] MostRecentlyActiveProfile: name=Profile 1 path=D:\All Codes\Microservice\.metadata\.plugins\org.eclipse.swt\EBWebView\Default lastActive=2026-08-23T10:56:05.983Z
2026-08-23 11:15:57.030: [INFO] OnDoneLoading sync enabled: 0
2026-08-23 11:15:57.030: [INFO] BookmarkModelLoaded, ids_reassigned: 0
2026-08-23 11:15:57.030: [INFO] BookmarksLoadDropped droppedNodes=0
2026-08-23 11:15:57.030: [INFO] BookmarksSnapshot Startup total=0 bar=0 other=0 mobile=0 showBar=0 showBarNTP=1
2026-08-23 11:17:07.832: [INFO] BookmarksSnapshot Shutdown total=0 bar=0 other=0 mobile=0 showBar=0 showBarNTP=1
2026-08-23 11:17:35.784: [INFO] CurrentProfilePath: D:\All Codes\Microservice\.metadata\.plugins\org.eclipse.swt\EBWebView\Default
2026-08-23 11:17:35.784: [INFO] Profiles total count: 1
2026-08-23 11:17:35.785: [INFO] Profile: name=Profile 1 path=D:\All Codes\Microservice\.metadata\.plugins\org.eclipse.swt\EBWebView\Default lastActive=2026-08-23T10:56:05.983Z
2026-08-23 11:17:35.785: [INFO] LastUsedProfileDir: D:\All Codes\Microservice\.metadata\.plugins\org.eclipse.swt\EBWebView\Default
2026-08-23 11:17:35.785: [INFO] MostRecentlyActiveProfile: name=Profile 1 path=D:\All Codes\Microservice\.metadata\.plugins\org.eclipse.swt\EBWebView\Default lastActive=2026-08-23T10:56:05.983Z
2026-08-23 11:17:35.785: [INFO] OnDoneLoading sync enabled: 0
2026-08-23 11:17:35.785: [INFO] BookmarkModelLoaded, ids_reassigned: 0
2026-08-23 11:17:35.785: [INFO] BookmarksLoadDropped droppedNodes=0
2026-08-23 11:17:35.785: [INFO] BookmarksSnapshot Startup total=0 bar=0 other=0 mobile=0 showBar=0 showBarNTP=1
2026-08-23 11:18:14.330: [INFO] BookmarksSnapshot Shutdown total=0 bar=0 other=0 mobile=0 showBar=0 showBarNTP=1
2026-08-23 11:20:23.390: [INFO] CurrentProfilePath: D:\All Codes\Microservice\.metadata\.plugins\org.eclipse.swt\EBWebView\Default
2026-08-23 11:20:23.390: [INFO] Profiles total count: 1
2026-08-23 11:20:23.390: [INFO] Profile: name=Profile 1 path=D:\All Codes\Microservice\.metadata\.plugins\org.eclipse.swt\EBWebView\Default lastActive=2026-08-23T10:56:05.983Z
2026-08-23 11:20:23.390: [INFO] LastUsedProfileDir: D:\All Codes\Microservice\.metadata\.plugins\org.eclipse.swt\EBWebView\Default
2026-08-23 11:20:23.390: [INFO] MostRecentlyActiveProfile: name=Profile 1 path=D:\All Codes\Microservice\.metadata\.plugins\org.eclipse.swt\EBWebView\Default lastActive=2026-08-23T10:56:05.983Z
2026-08-23 11:20:23.390: [INFO] OnDoneLoading sync enabled: 0
2026-08-23 11:20:23.390: [INFO] BookmarkModelLoaded, ids_reassigned: 0
2026-08-23 11:20:23.390: [INFO] BookmarksLoadDropped droppedNodes=0
2026-08-23 11:20:23.390: [INFO] BookmarksSnapshot Startup total=0 bar=0 other=0 mobile=0 showBar=0 showBarNTP=1
2026-08-23 11:20:28.587: [INFO] BookmarksSnapshot Shutdown total=0 bar=0 other=0 mobile=0 showBar=0 showBarNTP=1
2026-08-23 11:33:43.940: [INFO] CurrentProfilePath: D:\All Codes\Microservice\.metadata\.plugins\org.eclipse.swt\EBWebView\Default
2026-08-23 11:33:43.940: [INFO] Profiles total count: 1
2026-08-23 11:33:43.940: [INFO] Profile: name=Profile 1 path=D:\All Codes\Microservice\.metadata\.plugins\org.eclipse.swt\EBWebView\Default lastActive=2026-08-23T10:56:05.983Z
2026-08-23 11:33:43.940: [INFO] LastUsedProfileDir: D:\All Codes\Microservice\.metadata\.plugins\org.eclipse.swt\EBWebView\Default
2026-08-23 11:33:43.940: [INFO] MostRecentlyActiveProfile: name=Profile 1 path=D:\All Codes\Microservice\.metadata\.plugins\org.eclipse.swt\EBWebView\Default lastActive=2026-08-23T10:56:05.983Z
2026-08-23 11:33:43.940: [INFO] OnDoneLoading sync enabled: 0
2026-08-23 11:33:43.940: [INFO] BookmarkModelLoaded, ids_reassigned: 0
2026-08-23 11:33:43.940: [INFO] BookmarksLoadDropped droppedNodes=0
2026-08-23 11:33:43.940: [INFO] BookmarksSnapshot Startup total=0 bar=0 other=0 mobile=0 showBar=0 showBarNTP=1
2026-08-23 11:33:44.068: [INFO] BookmarksSnapshot Shutdown total=0 bar=0 other=0 mobile=0 showBar=0 showBarNTP=1
2026-08-23 11:42:34.267: [INFO] CurrentProfilePath: D:\All Codes\Microservice\.metadata\.plugins\org.eclipse.swt\EBWebView\Default
2026-08-23 11:42:34.267: [INFO] Profiles total count: 1
2026-08-23 11:42:34.267: [INFO] Profile: name=Profile 1 path=D:\All Codes\Microservice\.metadata\.plugins\org.eclipse.swt\EBWebView\Default lastActive=2026-08-23T10:56:05.983Z
2026-08-23 11:42:34.267: [INFO] LastUsedProfileDir: D:\All Codes\Microservice\.metadata\.plugins\org.eclipse.swt\EBWebView\Default
2026-08-23 11:42:34.267: [INFO] MostRecentlyActiveProfile: name=Profile 1 path=D:\All Codes\Microservice\.metadata\.plugins\org.eclipse.swt\EBWebView\Default lastActive=2026-08-23T10:56:05.983Z
2026-08-23 11:42:34.267: [INFO] OnDoneLoading sync enabled: 0
2026-08-23 11:42:34.267: [INFO] BookmarkModelLoaded, ids_reassigned: 0
2026-08-23 11:42:34.267: [INFO] BookmarksLoadDropped droppedNodes=0
2026-08-23 11:42:34.267: [INFO] BookmarksSnapshot Startup total=0 bar=0 other=0 mobile=0 showBar=0 showBarNTP=1
2026-08-23 11:51:15.821: [INFO] BookmarksSnapshot Shutdown total=0 bar=0 other=0 mobile=0 showBar=0 showBarNTP=1
2026-08-23 11:54:28.904: [INFO] CurrentProfilePath: D:\All Codes\Microservice\.metadata\.plugins\org.eclipse.swt\EBWebView\Default
2026-08-23 11:54:28.904: [INFO] Profiles total count: 1
2026-08-23 11:54:28.904: [INFO] Profile: name=Profile 1 path=D:\All Codes\Microservice\.metadata\.plugins\org.eclipse.swt\EBWebView\Default lastActive=2026-08-23T10:56:05.983Z
2026-08-23 11:54:28.904: [INFO] LastUsedProfileDir: D:\All Codes\Microservice\.metadata\.plugins\org.eclipse.swt\EBWebView\Default
2026-08-23 11:54:28.904: [INFO] MostRecentlyActiveProfile: name=Profile 1 path=D:\All Codes\Microservice\.metadata\.plugins\org.eclipse.swt\EBWebView\Default lastActive=2026-08-23T10:56:05.983Z
2026-08-23 11:54:28.904: [INFO] OnDoneLoading sync enabled: 0
2026-08-23 11:54:28.904: [INFO] BookmarkModelLoaded, ids_reassigned: 0
2026-08-23 11:54:28.904: [INFO] BookmarksLoadDropped droppedNodes=0
2026-08-23 11:54:28.904: [INFO] BookmarksSnapshot Startup total=0 bar=0 other=0 mobile=0 showBar=0 showBarNTP=1
2026-08-23 11:55:39.933: [INFO] BookmarksSnapshot Shutdown total=0 bar=0 other=0 mobile=0 showBar=0 showBarNTP=1
2026-08-23 11:56:12.599: [INFO] CurrentProfilePath: D:\All Codes\Microservice\.metadata\.plugins\org.eclipse.swt\EBWebView\Default
2026-08-23 11:56:12.599: [INFO] Profiles total count: 1
2026-08-23 11:56:12.600: [INFO] Profile: name=Profile 1 path=D:\All Codes\Microservice\.metadata\.plugins\org.eclipse.swt\EBWebView\Default lastActive=2026-08-23T10:56:05.983Z
2026-08-23 11:56:12.600: [INFO] LastUsedProfileDir: D:\All Codes\Microservice\.metadata\.plugins\org.eclipse.swt\EBWebView\Default
2026-08-23 11:56:12.600: [INFO] MostRecentlyActiveProfile: name=Profile 1 path=D:\All Codes\Microservice\.metadata\.plugins\org.eclipse.swt\EBWebView\Default lastActive=2026-08-23T10:56:05.983Z
2026-08-23 11:56:12.600: [INFO] OnDoneLoading sync enabled: 0
2026-08-23 11:56:12.600: [INFO] BookmarkModelLoaded, ids_reassigned: 0
2026-08-23 11:56:12.600: [INFO] BookmarksLoadDropped droppedNodes=0
2026-08-23 11:56:12.600: [INFO] BookmarksSnapshot Startup total=0 bar=0 other=0 mobile=0 showBar=0 showBarNTP=1
2026-08-23 12:08:17.346: [INFO] BookmarksSnapshot Shutdown total=0 bar=0 other=0 mobile=0 showBar=0 showBarNTP=1
2026-08-23 12:10:20.834: [INFO] CurrentProfilePath: D:\All Codes\Microservice\.metadata\.plugins\org.eclipse.swt\EBWebView\Default
2026-08-23 12:10:20.834: [INFO] Profiles total count: 1
2026-08-23 12:10:20.834: [INFO] Profile: name=Profile 1 path=D:\All Codes\Microservice\.metadata\.plugins\org.eclipse.swt\EBWebView\Default lastActive=2026-08-23T10:56:05.983Z
2026-08-23 12:10:20.835: [INFO] LastUsedProfileDir: D:\All Codes\Microservice\.metadata\.plugins\org.eclipse.swt\EBWebView\Default
2026-08-23 12:10:20.835: [INFO] MostRecentlyActiveProfile: name=Profile 1 path=D:\All Codes\Microservice\.metadata\.plugins\org.eclipse.swt\EBWebView\Default lastActive=2026-08-23T10:56:05.983Z
2026-08-23 12:10:20.835: [INFO] OnDoneLoading sync enabled: 0
2026-08-23 12:10:20.835: [INFO] BookmarkModelLoaded, ids_reassigned: 0
2026-08-23 12:10:20.835: [INFO] BookmarksLoadDropped droppedNodes=0
2026-08-23 12:10:20.835: [INFO] BookmarksSnapshot Startup total=0 bar=0 other=0 mobile=0 showBar=0 showBarNTP=1
2026-08-23 17:04:01.273: [INFO] BookmarksSnapshot Shutdown total=0 bar=0 other=0 mobile=0 showBar=0 showBarNTP=1
